[lunatv.app.br/index.html]
[backblue.gif]
[fade.gif]
[index.html]
[lunatv.app.br/wp-json/oembed/1.0/embedc99a.json]
[lunatv.app.br/wp-json/oembed/1.0/embed3f61]
[lunatv.app.br/feed/index.html]
[lunatv.app.br/wp-content/themes/twentytwentyfive/style4963.css]
[lunatv.app.br/wp-content/plugins/elementor/assets/css/frontend.min87cc.css]
[lunatv.app.br/comments/feed/index.html]
[lunatv.app.br/wp-content/uploads/elementor/css/post-6b4ad.css]
[lunatv.app.br/wp-content/plugins/elementor/assets/css/widget-heading.min87cc.css]
[lunatv.app.br/wp-content/plugins/elementor/assets/css/widget-video.min87cc.css]
[lunatv.app.br/wp-content/plugins/elementor/assets/css/widget-icon-list.min87cc.css]
[lunatv.app.br/wp-content/plugins/elementor/assets/css/widget-image.min87cc.css]
[lunatv.app.br/wp-content/plugins/elementor/assets/css/conditionals/shapes.min87cc.css]
[lunatv.app.br/wp-content/plugins/elementor/assets/lib/swiper/v8/css/swiper.min94a4.css]
[lunatv.app.br/wp-content/plugins/elementor/assets/css/conditionals/e-swiper.min87cc.css]
[lunatv.app.br/wp-content/plugins/elementor/assets/css/widget-image-carousel.min87cc.css]
[lunatv.app.br/wp-content/plugins/elementor/assets/css/widget-accordion.min87cc.css]
[lunatv.app.br/wp-content/plugins/elementor/assets/css/widget-divider.min87cc.css]
[lunatv.app.br/wp-content/uploads/elementor/css/post-3775fb5.css]
[lunatv.app.br/wp-content/uploads/elementor/google-fonts/css/roboto0bbb.css]
[lunatv.app.br/wp-content/uploads/elementor/google-fonts/css/robotoslab9761.css]
[lunatv.app.br/wp-content/uploads/elementor/google-fonts/css/sorad25d.css]
[lunatv.app.br/wp-content/uploads/elementor/google-fonts/css/barlowe5ee.css]
[lunatv.app.br/wp-json/wp/v2/pages/377.json]
[lunatv.app.br/wp-json/index.html]
[lunatv.app.br/xmlrpc0db0.php]
[lunatv.app.br/wp-content/themes/twentytwentyfive/assets/fonts/manrope/Manrope-VariableFont_wght.woff2]
[lunatv.app.br/wp-content/themes/twentytwentyfive/assets/fonts/fira-code/FiraCode-VariableFont_wght.woff2]
[lunatv.app.br/wp-content/uploads/2025/04/Sequencia-01.mp4]
[lunatv.app.br/wp-content/uploads/2025/04/Inserir-um-titulo.jpg]
[lunatv.app.br/wp-content/uploads/2025/04/LUNA-FUNDO-ESCURO-1024x1024.png]
[lunatv.app.br/wp-content/uploads/2025/04/C10.webp]
[lunatv.app.br/wp-content/uploads/2025/04/C9.webp]
[lunatv.app.br/wp-content/uploads/2025/04/C7-1.webp]
[lunatv.app.br/wp-content/uploads/2025/04/C8.webp]
[lunatv.app.br/wp-content/uploads/2025/04/C6.webp]
[lunatv.app.br/wp-content/uploads/2025/04/C4.webp]
[lunatv.app.br/wp-content/uploads/2025/04/C1-3.webp]
[lunatv.app.br/wp-content/uploads/2025/04/C2.webp]
[lunatv.app.br/wp-content/uploads/2025/04/C1-2.webp]
[lunatv.app.br/wp-content/uploads/2025/04/C1-1.webp]
[lunatv.app.br/wp-content/uploads/2025/04/C1.webp]
[lunatv.app.br/wp-content/uploads/2025/04/C3.webp]
[lunatv.app.br/wp-content/uploads/2025/04/1-1.png]
[lunatv.app.br/wp-content/uploads/2025/04/2-1.png]
[lunatv.app.br/wp-content/uploads/2025/04/IMG-55.webp]
[lunatv.app.br/wp-content/uploads/2025/04/IMG-53.webp]
[lunatv.app.br/wp-content/uploads/2025/04/IMG-52.webp]
[lunatv.app.br/wp-content/uploads/2025/04/IMG-51.webp]
[lunatv.app.br/wp-content/uploads/2025/04/IMG-51-1.webp]
[lunatv.app.br/wp-content/uploads/2025/04/IMG-50.webp]
[lunatv.app.br/wp-content/uploads/2025/04/IMG-49.webp]
[lunatv.app.br/wp-content/uploads/2025/04/IMG-48.webp]
[lunatv.app.br/wp-content/uploads/2025/04/IMG-47.webp]
[lunatv.app.br/wp-content/uploads/2025/04/IMG-46.webp]
[lunatv.app.br/wp-content/uploads/2025/04/IMG-45-1.webp]
[lunatv.app.br/wp-content/uploads/2025/04/IMG-44.webp]
[lunatv.app.br/wp-content/uploads/2025/04/IMG-27.webp]
[lunatv.app.br/wp-content/uploads/2025/04/IMG-28.webp]
[lunatv.app.br/wp-content/uploads/2025/04/IMG-30.webp]
[lunatv.app.br/wp-content/uploads/2025/04/IMG-33.webp]
[lunatv.app.br/wp-content/uploads/2025/04/IMG-34.webp]
[lunatv.app.br/wp-content/uploads/2025/04/IMG-35.webp]
[lunatv.app.br/wp-content/uploads/2025/04/IMG-36.webp]
[lunatv.app.br/wp-content/uploads/2025/04/IMG-37.webp]
[lunatv.app.br/wp-content/uploads/2025/04/IMG-38.webp]
[lunatv.app.br/wp-content/uploads/2025/04/IMG-39.webp]
[lunatv.app.br/wp-content/uploads/2025/04/IMG-40.webp]
[lunatv.app.br/wp-content/uploads/2025/04/IMG-42.webp]
[lunatv.app.br/wp-content/uploads/2025/04/Imagens-Site.png]
[lunatv.app.br/wp-content/uploads/2025/04/Imagens-Site-2-1.png]
[lunatv.app.br/wp-content/uploads/2025/04/Imagens-Site-3.png]
[lunatv.app.br/wp-content/uploads/2025/08/ANUAL-2.png]
[lunatv.app.br/wp-content/uploads/2025/06/vIT-819x1024.webp]
[lunatv.app.br/wp-content/uploads/2025/06/vitaliciooooo-576x1024.webp]
[lunatv.app.br/wp-content/plugins/elementor/assets/lib/swiper/v8/swiper.min94a4.js]
[lunatv.app.br/wp-content/plugins/elementor-pro/assets/js/webpack-pro.runtime.min790a.js]
[lunatv.app.br/wp-content/plugins/elementor/assets/js/webpack.runtime.min87cc.js]
[lunatv.app.br/wp-includes/js/jquery/jquery.minf43b.js]
[lunatv.app.br/wp-includes/js/jquery/jquery-migrate.min5589.js]
[lunatv.app.br/wp-content/plugins/elementor/assets/js/frontend-modules.min87cc.js]
[lunatv.app.br/wp-includes/js/dist/hooks.minaf5f.js]
[lunatv.app.br/wp-includes/js/dist/i18n.min1cde.js]
[lunatv.app.br/wp-content/plugins/elementor-pro/assets/js/frontend.min790a.js]
[lunatv.app.br/wp-includes/js/jquery/ui/core.minb37e.js]
[lunatv.app.br/wp-content/plugins/elementor/assets/js/frontend.min87cc.js]
[lunatv.app.br/index.html]
[lunatv.app.br/wp-content/plugins/elementor-pro/assets/js/elements-handlers.min790a.js]
[lunatv.app.br/wp-content/themes/twentytwentyfive/style4963.css]
[lunatv.app.br/wp-content/plugins/elementor/assets/css/frontend.min87cc.css]
[lunatv.app.br/wp-content/uploads/elementor/css/post-6b4ad.css]
[lunatv.app.br/wp-content/plugins/elementor/assets/css/widget-heading.min87cc.css]
[lunatv.app.br/wp-content/plugins/elementor/assets/css/widget-video.min87cc.css]
[lunatv.app.br/wp-content/plugins/elementor/assets/css/widget-icon-list.min87cc.css]
[lunatv.app.br/wp-content/plugins/elementor/assets/css/widget-image.min87cc.css]
[lunatv.app.br/wp-content/plugins/elementor/assets/css/conditionals/shapes.min87cc.css]
[lunatv.app.br/wp-content/plugins/elementor/assets/lib/swiper/v8/css/swiper.min94a4.css]
[lunatv.app.br/wp-content/plugins/elementor/assets/css/conditionals/e-swiper.min87cc.css]
[lunatv.app.br/wp-content/plugins/elementor/assets/css/widget-image-carousel.min87cc.css]
[lunatv.app.br/wp-content/plugins/elementor/assets/lib/animations/styles/e-animation-grow.min87cc.css]
[lunatv.app.br/wp-content/plugins/elementor/assets/css/widget-accordion.min87cc.css]
[lunatv.app.br/wp-content/plugins/elementor/assets/css/widget-divider.min87cc.css]
[lunatv.app.br/wp-content/uploads/elementor/css/post-3775fb5.css]
[lunatv.app.br/wp-content/uploads/elementor/google-fonts/fonts/roboto-kfo5cnqeu92fr1mu53zec9_vu3r1gihoszmkc3kawzu.woff2]
[lunatv.app.br/wp-content/uploads/elementor/google-fonts/fonts/roboto-kfo5cnqeu92fr1mu53zec9_vu3r1gihoszmkankawzu.woff2]
[lunatv.app.br/wp-content/uploads/elementor/google-fonts/fonts/roboto-kfo5cnqeu92fr1mu53zec9_vu3r1gihoszmkcnkawzu.woff2]
[lunatv.app.br/wp-content/uploads/elementor/google-fonts/fonts/roboto-kfo5cnqeu92fr1mu53zec9_vu3r1gihoszmkbxkawzu.woff2]
[lunatv.app.br/wp-content/uploads/elementor/google-fonts/fonts/roboto-kfo5cnqeu92fr1mu53zec9_vu3r1gihoszmkenkawzu.woff2]
[lunatv.app.br/wp-content/uploads/elementor/google-fonts/fonts/roboto-kfo5cnqeu92fr1mu53zec9_vu3r1gihoszmkahkawzu.woff2]
[lunatv.app.br/wp-content/uploads/elementor/google-fonts/fonts/roboto-kfo5cnqeu92fr1mu53zec9_vu3r1gihoszmkcxkawzu.woff2]
[lunatv.app.br/wp-content/uploads/elementor/google-fonts/fonts/roboto-kfo5cnqeu92fr1mu53zec9_vu3r1gihoszmkchkawzu.woff2]
[lunatv.app.br/wp-content/uploads/elementor/google-fonts/fonts/roboto-kfo5cnqeu92fr1mu53zec9_vu3r1gihoszmkbnka.woff2]
[lunatv.app.br/wp-content/uploads/elementor/google-fonts/fonts/roboto-kfo7cnqeu92fr1me7ksn66agldtyluama3gubgee.woff2]
[lunatv.app.br/wp-content/uploads/elementor/google-fonts/fonts/roboto-kfo7cnqeu92fr1me7ksn66agldtyluama3iubgee.woff2]
[lunatv.app.br/wp-content/uploads/elementor/google-fonts/fonts/roboto-kfo7cnqeu92fr1me7ksn66agldtyluama3cubgee.woff2]
[lunatv.app.br/wp-content/uploads/elementor/google-fonts/fonts/roboto-kfo7cnqeu92fr1me7ksn66agldtyluama3-ubgee.woff2]
[lunatv.app.br/wp-content/uploads/elementor/google-fonts/fonts/roboto-kfo7cnqeu92fr1me7ksn66agldtyluamawcubgee.woff2]
[lunatv.app.br/wp-content/uploads/elementor/google-fonts/fonts/roboto-kfo7cnqeu92fr1me7ksn66agldtyluamaxkubgee.woff2]
[lunatv.app.br/wp-content/uploads/elementor/google-fonts/fonts/roboto-kfo7cnqeu92fr1me7ksn66agldtyluama3oubgee.woff2]
[lunatv.app.br/wp-content/uploads/elementor/google-fonts/fonts/roboto-kfo7cnqeu92fr1me7ksn66agldtyluama3kubgee.woff2]
[lunatv.app.br/wp-content/uploads/elementor/google-fonts/fonts/roboto-kfo7cnqeu92fr1me7ksn66agldtyluama3yuba.woff2]
[lunatv.app.br/wp-content/uploads/elementor/google-fonts/css/roboto0bbb.css]
[lunatv.app.br/wp-content/uploads/elementor/google-fonts/fonts/robotoslab-bngmuxzytxpivibgjjsb6ufa5qw54a.woff2]
[lunatv.app.br/wp-content/uploads/elementor/google-fonts/fonts/robotoslab-bngmuxzytxpivibgjjsb6ufj5qw54a.woff2]
[lunatv.app.br/wp-content/uploads/elementor/google-fonts/fonts/robotoslab-bngmuxzytxpivibgjjsb6ufb5qw54a.woff2]
[lunatv.app.br/wp-content/uploads/elementor/google-fonts/fonts/robotoslab-bngmuxzytxpivibgjjsb6ufo5qw54a.woff2]
[lunatv.app.br/wp-content/uploads/elementor/google-fonts/fonts/robotoslab-bngmuxzytxpivibgjjsb6ufc5qw54a.woff2]
[lunatv.app.br/wp-content/uploads/elementor/google-fonts/fonts/robotoslab-bngmuxzytxpivibgjjsb6ufd5qw54a.woff2]
[lunatv.app.br/wp-content/uploads/elementor/google-fonts/fonts/robotoslab-bngmuxzytxpivibgjjsb6ufn5qu.woff2]
[lunatv.app.br/wp-content/uploads/elementor/google-fonts/css/robotoslab9761.css]
[lunatv.app.br/wp-content/uploads/elementor/google-fonts/fonts/sora-xmqbuffyt72xzqspdre2.woff2]
[lunatv.app.br/wp-content/uploads/elementor/google-fonts/fonts/sora-xmqbuffyt72xzqupdg.woff2]
[lunatv.app.br/wp-content/uploads/elementor/google-fonts/css/sorad25d.css]
[lunatv.app.br/wp-content/uploads/elementor/google-fonts/fonts/barlow-7chtv4kjgogqm7e_cfny8hijmaci.woff2]
[lunatv.app.br/wp-content/uploads/elementor/google-fonts/fonts/barlow-7chtv4kjgogqm7e_cfny8hmjmaci.woff2]
[lunatv.app.br/wp-content/uploads/elementor/google-fonts/fonts/barlow-7chtv4kjgogqm7e_cfny8h0jma.woff2]
[lunatv.app.br/wp-content/uploads/elementor/google-fonts/fonts/barlow-7chsv4kjgogqm7e_cfp04wohvtobdw.woff2]
[lunatv.app.br/wp-content/uploads/elementor/google-fonts/fonts/barlow-7chsv4kjgogqm7e_cfp04wogvtobdw.woff2]
[lunatv.app.br/wp-content/uploads/elementor/google-fonts/fonts/barlow-7chsv4kjgogqm7e_cfp04wouvto.woff2]
[lunatv.app.br/wp-content/uploads/elementor/google-fonts/fonts/barlow-7chsv4kjgogqm7e_cfoq4mohvtobdw.woff2]
[lunatv.app.br/wp-content/uploads/elementor/google-fonts/fonts/barlow-7chsv4kjgogqm7e_cfoq4mogvtobdw.woff2]
[lunatv.app.br/wp-content/uploads/elementor/google-fonts/fonts/barlow-7chsv4kjgogqm7e_cfoq4mouvto.woff2]
[lunatv.app.br/wp-content/uploads/elementor/google-fonts/fonts/barlow-7chrv4kjgogqm7e_cfs0wh8rna.woff2]
[lunatv.app.br/wp-content/uploads/elementor/google-fonts/fonts/barlow-7chrv4kjgogqm7e_cfs1wh8rna.woff2]
[lunatv.app.br/wp-content/uploads/elementor/google-fonts/fonts/barlow-7chrv4kjgogqm7e_cfs7wh8.woff2]
[lunatv.app.br/wp-content/uploads/elementor/google-fonts/fonts/barlow-7chsv4kjgogqm7e_cfpi42ohvtobdw.woff2]
[lunatv.app.br/wp-content/uploads/elementor/google-fonts/fonts/barlow-7chsv4kjgogqm7e_cfpi42ogvtobdw.woff2]
[lunatv.app.br/wp-content/uploads/elementor/google-fonts/fonts/barlow-7chsv4kjgogqm7e_cfpi42ouvto.woff2]
[lunatv.app.br/wp-content/uploads/elementor/google-fonts/fonts/barlow-7chsv4kjgogqm7e_cfpk5gohvtobdw.woff2]
[lunatv.app.br/wp-content/uploads/elementor/google-fonts/fonts/barlow-7chsv4kjgogqm7e_cfpk5gogvtobdw.woff2]
[lunatv.app.br/wp-content/uploads/elementor/google-fonts/fonts/barlow-7chsv4kjgogqm7e_cfpk5gouvto.woff2]
[lunatv.app.br/wp-content/uploads/elementor/google-fonts/fonts/barlow-7chsv4kjgogqm7e_cfoa5wohvtobdw.woff2]
[lunatv.app.br/wp-content/uploads/elementor/google-fonts/fonts/barlow-7chsv4kjgogqm7e_cfoa5wogvtobdw.woff2]
[lunatv.app.br/wp-content/uploads/elementor/google-fonts/fonts/barlow-7chsv4kjgogqm7e_cfoa5wouvto.woff2]
[lunatv.app.br/wp-content/uploads/elementor/google-fonts/fonts/barlow-7chsv4kjgogqm7e_cfoc5mohvtobdw.woff2]
[lunatv.app.br/wp-content/uploads/elementor/google-fonts/fonts/barlow-7chsv4kjgogqm7e_cfoc5mogvtobdw.woff2]
[lunatv.app.br/wp-content/uploads/elementor/google-fonts/fonts/barlow-7chsv4kjgogqm7e_cfoc5mouvto.woff2]
[lunatv.app.br/wp-content/uploads/elementor/google-fonts/fonts/barlow-7chsv4kjgogqm7e_cfo452ohvtobdw.woff2]
[lunatv.app.br/wp-content/uploads/elementor/google-fonts/fonts/barlow-7chsv4kjgogqm7e_cfo452ogvtobdw.woff2]
[lunatv.app.br/wp-content/uploads/elementor/google-fonts/fonts/barlow-7chsv4kjgogqm7e_cfo452ouvto.woff2]
[lunatv.app.br/wp-content/uploads/elementor/google-fonts/fonts/barlow-7chrv4kjgogqm7e3b_s0wh8rna.woff2]
[lunatv.app.br/wp-content/uploads/elementor/google-fonts/fonts/barlow-7chrv4kjgogqm7e3b_s1wh8rna.woff2]
[lunatv.app.br/wp-content/uploads/elementor/google-fonts/fonts/barlow-7chrv4kjgogqm7e3b_s7wh8.woff2]
[lunatv.app.br/wp-content/uploads/elementor/google-fonts/fonts/barlow-7chqv4kjgogqm7e3w-os6fospt4.woff2]
[lunatv.app.br/wp-content/uploads/elementor/google-fonts/fonts/barlow-7chqv4kjgogqm7e3w-os6vospt4.woff2]
[lunatv.app.br/wp-content/uploads/elementor/google-fonts/fonts/barlow-7chqv4kjgogqm7e3w-os51os.woff2]
[lunatv.app.br/wp-content/uploads/elementor/google-fonts/fonts/barlow-7chqv4kjgogqm7e3p-ks6fospt4.woff2]
[lunatv.app.br/wp-content/uploads/elementor/google-fonts/fonts/barlow-7chqv4kjgogqm7e3p-ks6vospt4.woff2]
[lunatv.app.br/wp-content/uploads/elementor/google-fonts/fonts/barlow-7chqv4kjgogqm7e3p-ks51os.woff2]
[lunatv.app.br/wp-content/uploads/elementor/google-fonts/fonts/barlow-7chpv4kjgogqm7e_a8s52hs.woff2]
[lunatv.app.br/wp-content/uploads/elementor/google-fonts/fonts/barlow-7chpv4kjgogqm7e_ass52hs.woff2]
[lunatv.app.br/wp-content/uploads/elementor/google-fonts/fonts/barlow-7chpv4kjgogqm7e_dms5.woff2]
[lunatv.app.br/wp-content/uploads/elementor/google-fonts/fonts/barlow-7chqv4kjgogqm7e3_-gs6fospt4.woff2]
[lunatv.app.br/wp-content/uploads/elementor/google-fonts/fonts/barlow-7chqv4kjgogqm7e3_-gs6vospt4.woff2]
[lunatv.app.br/wp-content/uploads/elementor/google-fonts/fonts/barlow-7chqv4kjgogqm7e3_-gs51os.woff2]
[lunatv.app.br/wp-content/uploads/elementor/google-fonts/fonts/barlow-7chqv4kjgogqm7e30-8s6fospt4.woff2]
[lunatv.app.br/wp-content/uploads/elementor/google-fonts/fonts/barlow-7chqv4kjgogqm7e30-8s6vospt4.woff2]
[lunatv.app.br/wp-content/uploads/elementor/google-fonts/fonts/barlow-7chqv4kjgogqm7e30-8s51os.woff2]
[lunatv.app.br/wp-content/uploads/elementor/google-fonts/fonts/barlow-7chqv4kjgogqm7e3t-4s6fospt4.woff2]
[lunatv.app.br/wp-content/uploads/elementor/google-fonts/fonts/barlow-7chqv4kjgogqm7e3t-4s6vospt4.woff2]
[lunatv.app.br/wp-content/uploads/elementor/google-fonts/fonts/barlow-7chqv4kjgogqm7e3t-4s51os.woff2]
[lunatv.app.br/wp-content/uploads/elementor/google-fonts/fonts/barlow-7chqv4kjgogqm7e3q-0s6fospt4.woff2]
[lunatv.app.br/wp-content/uploads/elementor/google-fonts/fonts/barlow-7chqv4kjgogqm7e3q-0s6vospt4.woff2]
[lunatv.app.br/wp-content/uploads/elementor/google-fonts/fonts/barlow-7chqv4kjgogqm7e3q-0s51os.woff2]
[lunatv.app.br/wp-content/uploads/elementor/google-fonts/fonts/barlow-7chqv4kjgogqm7e3j-ws6fospt4.woff2]
[lunatv.app.br/wp-content/uploads/elementor/google-fonts/fonts/barlow-7chqv4kjgogqm7e3j-ws6vospt4.woff2]
[lunatv.app.br/wp-content/uploads/elementor/google-fonts/fonts/barlow-7chqv4kjgogqm7e3j-ws51os.woff2]
[lunatv.app.br/wp-content/uploads/elementor/google-fonts/css/barlowe5ee.css]
